This is XeTeX, Version 3.141592653-2.6-0.999995 (MiKTeX 24.1) (preloaded format=xelatex 2025.12.8)  8 DEC 2025 17:49
entering extended mode
 restricted \write18 enabled.
 %&-line parsing enabled.
**./refman.tex
(refman.tex
LaTeX2e <2023-11-01> patch level 1
L3 programming layer <2024-01-04>
(D:\miktex\tex/generic/iftex\iftex.sty
Package: iftex 2022/02/03 v1.0f TeX engine tests
) (D:\miktex\tex/latex/base\book.cls
Document Class: book 2023/05/17 v1.4n Standard LaTeX document class
(D:\miktex\tex/latex/base\bk10.clo
File: bk10.clo 2023/05/17 v1.4n Standard LaTeX file (size option)
)
\c@part=\count183
\c@chapter=\count184
\c@section=\count185
\c@subsection=\count186
\c@subsubsection=\count187
\c@paragraph=\count188
\c@subparagraph=\count189
\c@figure=\count190
\c@table=\count191
\abovecaptionskip=\skip48
\belowcaptionskip=\skip49
\bibindent=\dimen140
)
(D:\miktex\tex/generic/infwarerr\infwarerr.sty
package info suppressed
) (doxygen.sty
Package: doxygen 

(D:\miktex\tex/latex/base\alltt.sty
Package: alltt 2021/01/29 v2.0g defines alltt environment
) (D:\miktex\tex/latex/tools\array.sty
Package: array 2023/10/16 v2.5g Tabular extension package (FMi)
\col@sep=\dimen141
\ar@mcellbox=\box51
\extrarowheight=\dimen142
\NC@list=\toks17
\extratabsurround=\skip50
\backup@length=\skip51
\ar@cellbox=\box52
)
(D:\miktex\tex/latex/tools\calc.sty
Package: calc 2023/07/08 v4.3 Infix arithmetic (KKT,FJ)
\calc@Acount=\count192
\calc@Bcount=\count193
\calc@Adimen=\dimen143
\calc@Bdimen=\dimen144
\calc@Askip=\skip52
\calc@Bskip=\skip53
LaTeX Info: Redefining \setlength on input line 80.
LaTeX Info: Redefining \addtolength on input line 81.
\calc@Ccount=\count194
\calc@Cskip=\skip54
) (D:\miktex\tex/latex/float\float.sty
Package: float 2001/11/08 v1.3d Float enhancements (AL)
\c@float@type=\count195
\float@exts=\toks18
\float@box=\box53
\@float@everytoks=\toks19
\@floatcapt=\box54
)
(D:\miktex\tex/latex/base\ifthen.sty
Package: ifthen 2022/04/13 v1.1d Standard LaTeX ifthen package (DPC)
) (D:\miktex\tex/latex/tools\verbatim.sty
Package: verbatim 2023-11-06 v1.5v LaTeX2e package for verbatim enhancements
\every@verbatim=\toks20
\verbatim@line=\toks21
\verbatim@in@stream=\read2
)
(D:\miktex\tex/latex/varwidth\varwidth.sty
Package: varwidth 2009/03/30 ver 0.92;  Variable-width minipages
\@vwid@box=\box55
\sift@deathcycles=\count196
\@vwid@loff=\dimen145
\@vwid@roff=\dimen146
)
(D:\miktex\tex/latex/xcolor\xcolor.sty
Package: xcolor 2023/11/15 v3.01 LaTeX color extensions (UK)

(D:\miktex\tex/latex/graphics-cfg\color.cfg
File: color.cfg 2016/01/02 v1.6 sample color configuration
)
Package xcolor Info: Driver file: xetex.def on input line 274.

(D:\miktex\tex/latex/graphics-def\xetex.def
File: xetex.def 2022/09/22 v5.0n Graphics/color driver for xetex
)
(D:\miktex\tex/latex/graphics\mathcolor.ltx)
Package xcolor Info: Model `cmy' substituted by `cmy0' on input line 1350.
Package xcolor Info: Model `RGB' extended on input line 1366.
Package xcolor Info: Model `HTML' substituted by `rgb' on input line 1368.
Package xcolor Info: Model `Hsb' substituted by `hsb' on input line 1369.
Package xcolor Info: Model `tHsb' substituted by `hsb' on input line 1370.
Package xcolor Info: Model `HSB' substituted by `hsb' on input line 1371.
Package xcolor Info: Model `Gray' substituted by `gray' on input line 1372.
Package xcolor Info: Model `wave' substituted by `hsb' on input line 1373.
)
(D:\miktex\tex/latex/colortbl\colortbl.sty
Package: colortbl 2024/10/29 v1.0k Color table columns (DPC)
\everycr=\toks22
\minrowclearance=\skip55
\rownum=\count197
)
(D:\miktex\tex/latex/tools\longtable.sty
Package: longtable 2023-11-01 v4.19 Multi-page Table package (DPC)
\LTleft=\skip56
\LTright=\skip57
\LTpre=\skip58
\LTpost=\skip59
\LTchunksize=\count198
\LTcapwidth=\dimen147
\LT@head=\box56
\LT@firsthead=\box57
\LT@foot=\box58
\LT@lastfoot=\box59
\LT@gbox=\box60
\LT@cols=\count199
\LT@rows=\count266
\c@LT@tables=\count267
\c@LT@chunks=\count268
\LT@p@ftn=\toks23
)
(D:\miktex\tex/latex/xltabular\xltabular.sty
Package: xltabular 2025/02/28 v0.2i `xltabular' package (hv,RN)

(D:\miktex\tex/latex/tools\tabularx.sty
Package: tabularx 2023/07/08 v2.11c `tabularx' package (DPC)
\TX@col@width=\dimen148
\TX@old@table=\dimen149
\TX@old@col=\dimen150
\TX@target=\dimen151
\TX@delta=\dimen152
\TX@cols=\count269
\TX@ftn=\toks24
)
(D:\miktex\tex/latex/etoolbox\etoolbox.sty
Package: etoolbox 2020/10/05 v2.5k e-TeX tools for LaTeX (JAW)
\etb@tempcnta=\count270
)
(D:\miktex\tex/latex/ltablex\ltablex.sty
Package: ltablex 2014/08/13 v1.1 Modified tabularx
))
(D:\miktex\tex/latex/tabularray\tabularray.sty
Package: tabularray 2025-08-29 v2025B Typeset tabulars and arrays with LaTeX3

(D:\miktex\tex/latex/ninecolors\ninecolors.sty
Package: ninecolors 2022-02-13 v2022D Select colors with proper color contrast

(D:\miktex\tex/latex/l3packages/xparse\xparse.sty
(D:\miktex\tex/latex/l3kernel\expl3.sty
Package: expl3 2024-01-04 L3 programming layer (loader) 

(D:\miktex\tex/latex/l3backend\l3backend-xetex.def
File: l3backend-xetex.def 2024-01-04 L3 backend support: XeTeX
\g__graphics_track_int=\count271
\l__pdf_internal_box=\box61
\g__pdf_backend_object_int=\count272
\g__pdf_backend_annotation_int=\count273
\g__pdf_backend_link_int=\count274
))
Package: xparse 2023-10-10 L3 Experimental document command parser
))
\l__tblr_a_int=\count275
\l__tblr_c_int=\count276
\l__tblr_r_int=\count277
\l__tblr_d_dim=\dimen153
\l__tblr_h_dim=\dimen154
\l__tblr_o_dim=\dimen155
\l__tblr_p_dim=\dimen156
\l__tblr_q_dim=\dimen157
\l__tblr_r_dim=\dimen158
\l__tblr_s_dim=\dimen159
\l__tblr_t_dim=\dimen160
\l__tblr_v_dim=\dimen161
\l__tblr_w_dim=\dimen162
\l__tblr_a_box=\box62
\l__tblr_b_box=\box63
\l__tblr_c_box=\box64
\l__tblr_d_box=\box65
\c@tblrcount=\count278
\c@colnum=\count279
\c@rowcount=\count280
\c@colcount=\count281
\abovesep=\dimen163
\belowsep=\dimen164
\leftsep=\dimen165
\rightsep=\dimen166
\gTblrLevelInt=\count282
\g__tblr_data_row_key_count_int=\count283
\g__tblr_data_column_key_count_int=\count284
\g__tblr_data_cell_key_count_int=\count285
\g__tblr_array_int=\count286
\l__tblr_key_count_int=\count287
\l__tblr_key_quotient_int=\count288
\l__tblr_key_quotient_two_int=\count289
\l__tblr_key_remainder_int=\count290
\g__tblr_data_str_value_count_int=\count291
\lTblrChildTotalInt=\count292
\lTblrChildHtotalInt=\count293
\lTblrChildVtotalInt=\count294
\l__child_diff_h_int=\count295
\l__child_diff_v_int=\count296
\l__child_sign_h_int=\count297
\l__child_sign_v_int=\count298
\l__child_step_int=\count299
\lTblrDefaultHruleWidthDim=\dimen167
\lTblrDefaultVruleWidthDim=\dimen168
\l__tblr_split_balance_int=\count300
\l__tblr_strut_dp_dim=\dimen169
\l__tblr_strut_ht_dim=\dimen170
\g__tblr_cell_wd_dim=\dimen171
\g__tblr_cell_ht_dim=\dimen172
\g__tblr_cell_head_dim=\dimen173
\g__tblr_cell_foot_dim=\dimen174
\l__tblr_measured_cell_box=\box66
\g__tblr_last_box=\box67
\l__tblr_temp_box=\box68
\l__tblr_column_target_dim=\dimen175
\l__tblr_hfuzz_dim=\dimen176
\l__tblr_caption_box=\box69
\l__tblr_caption_left_box=\box70
\lTblrRowHeadInt=\count301
\lTblrRowFootInt=\count302
\l__tblr_row_head_box=\box71
\l__tblr_row_foot_box=\box72
\l__tblr_row_head_foot_dim=\dimen177
\lTblrTableWidthDim=\dimen178
\l__tblr_table_firsthead_box=\box73
\l__tblr_table_middlehead_box=\box74
\l__tblr_table_lasthead_box=\box75
\l__tblr_table_firstfoot_box=\box76
\l__tblr_table_middlefoot_box=\box77
\l__tblr_table_lastfoot_box=\box78
\l__tblr_remain_height_dim=\dimen179
\l__tblr_long_from_int=\count303
\l__tblr_long_to_int=\count304
\l__tblr_curr_i_int=\count305
\l__tblr_prev_i_int=\count306
\lTblrTablePageInt=\count307
\l__tblr_table_head_box=\box79
\l__tblr_table_foot_box=\box80
\l__tblr_table_head_foot_dim=\dimen180
\l__tblr_table_head_body_foot_dim=\dimen181
\l__tblr_table_box=\box81
\lTblrRowFirstInt=\count308
\lTblrRowLastInt=\count309
\l__tblr_table_hlines_box=\box82
\l__tblr_hline_box=\box83
\l__tblr_row_box=\box84
\l__tblr_col_o_wd_dim=\dimen182
\l__tblr_col_b_wd_dim=\dimen183
\l__tblr_hline_leftskip_dim=\dimen184
\l__tblr_hline_rightskip_dim=\dimen185
\l__tblr_row_ht_dim=\dimen186
\l__tblr_row_dp_dim=\dimen187
\l__tblr_row_abovesep_dim=\dimen188
\l__tblr_row_belowsep_dim=\dimen189
\l__tblr_row_vlines_box=\box85
\l__tblr_vline_box=\box86
\l__tblr_cell_box=\box87
\l__tblr_row_upper_dim=\dimen190
\l__tblr_row_lower_dim=\dimen191
\l__tblr_row_vpace_dim=\dimen192
\l__tblr_vline_aboveskip_dim=\dimen193
\l__tblr_vline_belowskip_dim=\dimen194
\lTblrCellRowSpanInt=\count310
\lTblrCellColSpanInt=\count311
\l__tblr_cell_wd_dim=\dimen195
\l__tblr_cell_ht_dim=\dimen196
\lTblrCellAboveBorderWidthDim=\dimen197
\lTblrCellBelowBorderWidthDim=\dimen198
\lTblrCellLeftBorderWidthDim=\dimen199
\lTblrCellRightBorderWidthDim=\dimen256
\l__tblr_diag_box=\box88
\l__tblr_cell_inner_wd_dim=\dimen257
\l__tblr_cell_inner_dp_dim=\dimen258
\l__tblr_cell_hanchor_dim=\dimen259
\l__tblr_last_cell_table_ht_dim=\dimen260
\l__tblr_last_cell_table_dp_dim=\dimen261
\l__tblr_last_vline_wd_dim=\dimen262
\l__tblr_tikz_node_box=\box89
)
\g__doxy_nohyper_int=\count312

(D:\miktex\tex/latex/fancyvrb\fancyvrb.sty
Package: fancyvrb 2025/07/28 4.6 verbatim text (tvz,hv)

(D:\miktex\tex/latex/graphics\keyval.sty
Package: keyval 2022/05/29 v1.15 key=value parser (DPC)
\KV@toks@=\toks25
)
\FV@CodeLineNo=\count313
\FV@InFile=\read3
\FV@TabBox=\box90
\c@FancyVerbLine=\count314
\FV@StepNumber=\count315
\FV@OutFile=\write3
)
(D:\miktex\tex/latex/tools\multicol.sty
Package: multicol 2023/03/30 v1.9f multicolumn formatting (FMi)
\c@tracingmulticols=\count316
\mult@box=\box91
\multicol@leftmargin=\dimen263
\c@unbalance=\count317
\c@collectmore=\count318
\doublecol@number=\count319
\multicoltolerance=\count320
\multicolpretolerance=\count321
\full@width=\dimen264
\page@free=\dimen265
\premulticols=\dimen266
\postmulticols=\dimen267
\multicolsep=\skip60
\multicolbaselineskip=\skip61
\partial@page=\box92
\last@line=\box93
\mc@boxedresult=\box94
\maxbalancingoverflow=\dimen268
\mult@rightbox=\box95
\mult@grightbox=\box96
\mult@firstbox=\box97
\mult@gfirstbox=\box98
\@tempa=\box99
\@tempa=\box100
\@tempa=\box101
\@tempa=\box102
\@tempa=\box103
\@tempa=\box104
\@tempa=\box105
\@tempa=\box106
\@tempa=\box107
\@tempa=\box108
\@tempa=\box109
\@tempa=\box110
\@tempa=\box111
\@tempa=\box112
\@tempa=\box113
\@tempa=\box114
\@tempa=\box115
\@tempa=\box116
\@tempa=\box117
\@tempa=\box118
\@tempa=\box119
\@tempa=\box120
\@tempa=\box121
\@tempa=\box122
\@tempa=\box123
\@tempa=\box124
\@tempa=\box125
\@tempa=\box126
\@tempa=\box127
\@tempa=\box128
\@tempa=\box129
\@tempa=\box130
\@tempa=\box131
\@tempa=\box132
\@tempa=\box133
\@tempa=\box134
\c@minrows=\count322
\c@columnbadness=\count323
\c@finalcolumnbadness=\count324
\last@try=\dimen269
\multicolovershoot=\dimen270
\multicolundershoot=\dimen271
\mult@nat@firstbox=\box135
\colbreak@box=\box136
\mc@col@check@num=\count325
)
(D:\miktex\tex/latex/multirow\multirow.sty
Package: multirow 2024/11/12 v2.9 Span multiple rows of a table
\multirow@colwidth=\skip62
\multirow@cntb=\count326
\multirow@dima=\skip63
\bigstrutjot=\dimen272
)
(D:\miktex\tex/latex/hanging\hanging.sty
Package: hanging 2009/09/02 v1.2b hanging paragraphs and punctuation
\h@ngcommawd=\skip64
\h@ngfstopwd=\skip65
\h@ngquotewd=\skip66
\h@ngdquotewd=\skip67
\h@ngquerywd=\skip68
\h@ngexclwd=\skip69
\h@ngcolonwd=\skip70
\h@ngscolonwd=\skip71
)
(D:\miktex\tex/generic/iftex\ifpdf.sty
Package: ifpdf 2019/10/25 v3.4 ifpdf legacy package. Use iftex instead.
)
(D:\miktex\tex/latex/adjustbox\adjustbox.sty
Package: adjustbox 2025/02/26 v1.3c Adjusting TeX boxes (trim, clip, ...)

(D:\miktex\tex/latex/xkeyval\xkeyval.sty
Package: xkeyval 2022/06/16 v2.9 package option processing (HA)

(D:\miktex\tex/generic/xkeyval\xkeyval.tex
(D:\miktex\tex/generic/xkeyval\xkvutils.tex
\XKV@toks=\toks26
\XKV@tempa@toks=\toks27
)
\XKV@depth=\count327
File: xkeyval.tex 2014/12/03 v2.7a key=value parser (HA)
))
(D:\miktex\tex/latex/adjustbox\adjcalc.sty
Package: adjcalc 2012/05/16 v1.1 Provides advanced setlength with multiple back
-ends (calc, etex, pgfmath)
)
(D:\miktex\tex/latex/adjustbox\trimclip.sty
Package: trimclip 2025/02/21 v1.2a Trim and clip general TeX material

(D:\miktex\tex/latex/graphics\graphicx.sty
Package: graphicx 2021/09/16 v1.2d Enhanced LaTeX Graphics (DPC,SPQR)

(D:\miktex\tex/latex/graphics\graphics.sty
Package: graphics 2022/03/10 v1.4e Standard LaTeX Graphics (DPC,SPQR)

(D:\miktex\tex/latex/graphics\trig.sty
Package: trig 2021/08/11 v1.11 sin cos tan (DPC)
)
(D:\miktex\tex/latex/graphics-cfg\graphics.cfg
File: graphics.cfg 2016/06/04 v1.11 sample graphics configuration
)
Package graphics Info: Driver file: xetex.def on input line 107.
)
\Gin@req@height=\dimen273
\Gin@req@width=\dimen274
)
(D:\miktex\tex/latex/collectbox\collectbox.sty
Package: collectbox 2022/10/17 v0.4c Collect macro arguments as boxes
\collectedbox=\box137
)
\tc@llx=\dimen275
\tc@lly=\dimen276
\tc@urx=\dimen277
\tc@ury=\dimen278
Package trimclip Info: Using driver 'tc-xetex.def'.

(D:\miktex\tex/latex/adjustbox\tc-xetex.def
File: tc-xetex.def 2019/01/04 v2.2 Clipping driver for xetex
))
\adjbox@Width=\dimen279
\adjbox@Height=\dimen280
\adjbox@Depth=\dimen281
\adjbox@Totalheight=\dimen282
\adjbox@pwidth=\dimen283
\adjbox@pheight=\dimen284
\adjbox@pdepth=\dimen285
\adjbox@ptotalheight=\dimen286

(D:\miktex\tex/latex/ifoddpage\ifoddpage.sty
Package: ifoddpage 2022/10/18 v1.2 Conditionals for odd/even page detection
\c@checkoddpage=\count328
))
(D:\miktex\tex/latex/amsfonts\amssymb.sty
Package: amssymb 2013/01/14 v3.01 AMS font symbols

(D:\miktex\tex/latex/amsfonts\amsfonts.sty
Package: amsfonts 2013/01/14 v3.01 Basic AMSFonts support
\@emptytoks=\toks28
\symAMSa=\mathgroup4
\symAMSb=\mathgroup5
LaTeX Font Info:    Redeclaring math symbol \hbar on input line 98.
LaTeX Font Info:    Overwriting math alphabet `\mathfrak' in version `bold'
(Font)                  U/euf/m/n --> U/euf/b/n on input line 106.
))
(D:\miktex\tex/latex/stackengine\stackengine.sty
Package: stackengine 2021/07/22 v4.11\ Stacking text and objects in convenient 
ways

(D:\miktex\tex/latex/listofitems\listofitems.sty
(D:\miktex\tex/generic/listofitems\listofitems.tex
\loi_cnt_foreach_nest=\count329
\loi_nestcnt=\count330
)
Package: listofitems 2024/03/09 v1.65 Grab items in lists using user-specified 
sep char (CT)
)
\c@@stackindex=\count331
\@boxshift=\skip72
\stack@tmplength=\skip73
\temp@stkl=\skip74
\@stackedboxwidth=\skip75
\@addedbox=\box138
\@anchorbox=\box139
\@insetbox=\box140
\se@backgroundbox=\box141
\stackedbox=\box142
\@centerbox=\box143
\c@ROWcellindex@=\count332
)
(D:\miktex\tex/latex/enumitem\enumitem.sty
Package: enumitem 2025/02/06 v3.11 Customized lists
\labelindent=\skip76
\enit@outerparindent=\dimen287
\enit@toks=\toks29
\enit@inbox=\box144
\enit@count@id=\count333
\enitdp@description=\count334
)
(D:\miktex\tex/generic/alphalph\alphalph.sty
Package: alphalph 2019/12/09 v2.6 Convert numbers to letters (HO)

(D:\miktex\tex/generic/intcalc\intcalc.sty
Package: intcalc 2019/12/15 v1.3 Expandable calculations with integers (HO)
)) (D:\miktex\tex/latex/ulem\ulem.sty
\UL@box=\box145
\UL@hyphenbox=\box146
\UL@skip=\skip77
\UL@hook=\toks30
\UL@height=\dimen288
\UL@pe=\count335
\UL@pixel=\dimen289
\ULC@box=\box147
Package: ulem 2019/11/18
\ULdepth=\dimen290
)
\xrefbox=\box148
\xreflength=\skip78
\CodeWidthChar=\skip79
\CodeHeightChar=\skip80
\DoxyCodeWidth=\skip81
\c@DoxyEnumeratei=\count336
\c@DoxyEnumerateii=\count337
\c@DoxyEnumerateiii=\count338
\c@DoxyEnumerateiv=\count339
\c@DoxyEnumeratev=\count340
\c@DoxyEnumeratevi=\count341
\c@DoxyEnumeratevii=\count342
\c@DoxyEnumerateviii=\count343
\c@DoxyEnumerateix=\count344
\c@DoxyEnumeratex=\count345
\c@DoxyEnumeratexi=\count346
\c@DoxyEnumeratexii=\count347
\enitdp@DoxyEnumerate=\count348
\enitdp@DoxyItemize=\count349
\c@subsubsubsection=\count350
\c@subsubsubsubsection=\count351
\c@subsubsubsubsubsection=\count352
\c@subsubsubsubsubsubsection=\count353
) (D:\miktex\tex/latex/fontspec\fontspec.sty
Package: fontspec 2022/01/15 v2.8a Font selection for XeLaTeX and LuaLaTeX

(D:\miktex\tex/latex/fontspec\fontspec-xetex.sty
Package: fontspec-xetex 2022/01/15 v2.8a Font selection for XeLaTeX and LuaLaTe
X
\l__fontspec_script_int=\count354
\l__fontspec_language_int=\count355
\l__fontspec_strnum_int=\count356
\l__fontspec_tmp_int=\count357
\l__fontspec_tmpa_int=\count358
\l__fontspec_tmpb_int=\count359
\l__fontspec_tmpc_int=\count360
\l__fontspec_em_int=\count361
\l__fontspec_emdef_int=\count362
\l__fontspec_strong_int=\count363
\l__fontspec_strongdef_int=\count364
\l__fontspec_tmpa_dim=\dimen291
\l__fontspec_tmpb_dim=\dimen292
\l__fontspec_tmpc_dim=\dimen293

(D:\miktex\tex/latex/base\fontenc.sty
Package: fontenc 2021/04/29 v2.0v Standard LaTeX package
)
(D:\miktex\tex/latex/fontspec\fontspec.cfg)))
(D:\miktex\tex/latex/unicode-math\unicode-math.sty
Package: unicode-math 2023/08/13 v0.8r Unicode maths in XeLaTeX and LuaLaTeX

(D:\miktex\tex/latex/unicode-math\unicode-math-xetex.sty
Package: unicode-math-xetex 2023/08/13 v0.8r Unicode maths in XeLaTeX and LuaLa
TeX

(D:\miktex\tex/latex/l3packages/l3keys2e\l3keys2e.sty
Package: l3keys2e 2023-10-10 LaTeX2e option processing using LaTeX3 keys
)
(D:\miktex\tex/latex/base\fix-cm.sty
Package: fix-cm 2020/11/24 v1.1t fixes to LaTeX
 (D:\miktex\tex/latex/base\ts1enc.def
File: ts1enc.def 2001/06/05 v3.0e (jk/car/fm) Standard LaTeX file
LaTeX Font Info:    Redeclaring font encoding TS1 on input line 47.
))
(D:\miktex\tex/latex/amsmath\amsmath.sty
Package: amsmath 2023/05/13 v2.17o AMS math features
\@mathmargin=\skip82

For additional information on amsmath, use the `?' option.
(D:\miktex\tex/latex/amsmath\amstext.sty
Package: amstext 2021/08/26 v2.01 AMS text

(D:\miktex\tex/latex/amsmath\amsgen.sty
File: amsgen.sty 1999/11/30 v2.0 generic functions
\@emptytoks=\toks31
\ex@=\dimen294
))
(D:\miktex\tex/latex/amsmath\amsbsy.sty
Package: amsbsy 1999/11/29 v1.2d Bold Symbols
\pmbraise@=\dimen295
)
(D:\miktex\tex/latex/amsmath\amsopn.sty
Package: amsopn 2022/04/08 v2.04 operator names
)
\inf@bad=\count365
LaTeX Info: Redefining \frac on input line 234.
\uproot@=\count366
\leftroot@=\count367
LaTeX Info: Redefining \overline on input line 399.
LaTeX Info: Redefining \colon on input line 410.
\classnum@=\count368
\DOTSCASE@=\count369
LaTeX Info: Redefining \ldots on input line 496.
LaTeX Info: Redefining \dots on input line 499.
LaTeX Info: Redefining \cdots on input line 620.
\Mathstrutbox@=\box149
\strutbox@=\box150
LaTeX Info: Redefining \big on input line 722.
LaTeX Info: Redefining \Big on input line 723.
LaTeX Info: Redefining \bigg on input line 724.
LaTeX Info: Redefining \Bigg on input line 725.
\big@size=\dimen296
LaTeX Font Info:    Redeclaring font encoding OML on input line 743.
LaTeX Font Info:    Redeclaring font encoding OMS on input line 744.
\macc@depth=\count370
LaTeX Info: Redefining \bmod on input line 905.
LaTeX Info: Redefining \pmod on input line 910.
LaTeX Info: Redefining \smash on input line 940.
LaTeX Info: Redefining \relbar on input line 970.
LaTeX Info: Redefining \Relbar on input line 971.
\c@MaxMatrixCols=\count371
\dotsspace@=\muskip16
\c@parentequation=\count372
\dspbrk@lvl=\count373
\tag@help=\toks32
\row@=\count374
\column@=\count375
\maxfields@=\count376
\andhelp@=\toks33
\eqnshift@=\dimen297
\alignsep@=\dimen298
\tagshift@=\dimen299
\tagwidth@=\dimen300
\totwidth@=\dimen301
\lineht@=\dimen302
\@envbody=\toks34
\multlinegap=\skip83
\multlinetaggap=\skip84
\mathdisplay@stack=\toks35
LaTeX Info: Redefining \[ on input line 2953.
LaTeX Info: Redefining \] on input line 2954.
)
\g__um_fam_int=\count377
\g__um_fonts_used_int=\count378
\l__um_primecount_int=\count379
\g__um_primekern_muskip=\muskip17

(D:\miktex\tex/latex/unicode-math\unicode-math-table.tex)))
(D:\miktex\tex/latex/base\makeidx.sty
Package: makeidx 2021/10/04 v1.0m Standard LaTeX package
) (D:\miktex\tex/latex/base\textcomp.sty
Package: textcomp 2020/02/02 v2.0n Standard LaTeX package
)
(D:\miktex\tex/latex/wasysym\wasysym.sty
Package: wasysym 2020/01/19 v2.4 Wasy-2 symbol support package
\symwasy=\mathgroup6
LaTeX Font Info:    Overwriting symbol font `wasy' in version `bold'
(Font)                  U/wasy/m/n --> U/wasy/b/n on input line 93.
)
(D:\miktex\tex/generic/iftex\ifxetex.sty
Package: ifxetex 2019/10/25 v0.7 ifxetex legacy package. Use iftex instead.
)
(D:\miktex\tex/generic/babel\babel.sty
Package: babel 2024/01/07 v24.1 The Babel package
\babel@savecnt=\count380
\U@D=\dimen303
\l@unhyphenated=\language79
 (D:\miktex\tex/generic/babel\xebabel.def)
\bbl@readstream=\read4
\bbl@dirlevel=\count381

*************************************
* Local config file bblopts.cfg used
*
(D:\miktex\tex/latex/arabi\bblopts.cfg
File: bblopts.cfg 2005/09/08 v0.1 add Arabic and Farsi to "declared" options of
 babel
)
(D:\miktex\tex/latex/babel-polish\polish.ldf
Language: polish 2022/03/12 1.3 Babel support for Polish
Package babel Info: Making " an active character on input line 101.
))
(D:\miktex\tex/generic/babel/locale/pl\babel-polish.tex
Package babel Info: Importing font and identification data for polish
(babel)             from babel-pl.ini. Reported on input line 11.
)
(D:\miktex\tex/latex/psnfss\helvet.sty
Package: helvet 2020/03/25 PSNFSS-v9.3 (WaS) 
) (D:\miktex\tex/latex/psnfss\courier.sty
Package: courier 2020/03/25 PSNFSS-v9.3 (WaS) 
) (D:\miktex\tex/latex/geometry\geometry.sty
Package: geometry 2020/01/02 v5.9 Page Geometry

(D:\miktex\tex/generic/iftex\ifvtex.sty
Package: ifvtex 2019/10/25 v1.7 ifvtex legacy package. Use iftex instead.
)
\Gm@cnth=\count382
\Gm@cntv=\count383
\c@Gm@tempcnt=\count384
\Gm@bindingoffset=\dimen304
\Gm@wd@mp=\dimen305
\Gm@odd@mp=\dimen306
\Gm@even@mp=\dimen307
\Gm@layoutwidth=\dimen308
\Gm@layoutheight=\dimen309
\Gm@layouthoffset=\dimen310
\Gm@layoutvoffset=\dimen311
\Gm@dimlist=\toks36

(D:\miktex\tex/latex/geometry\geometry.cfg))
(D:\miktex\tex/latex/changepage\changepage.sty
Package: changepage 2009/10/20 v1.0c check page and change page layout
\c@cp@cntr=\count385
\cp@tempcnt=\count386
LaTeX Info: Redefining \checkoddpage on input line 59.
)
(D:\miktex\tex/latex/fancyhdr\fancyhdr.sty
Package: fancyhdr 2025/02/07 v5.2 Extensive control of page headers and footers

\f@nch@headwidth=\skip85
\f@nch@offset@elh=\skip86
\f@nch@offset@erh=\skip87
\f@nch@offset@olh=\skip88
\f@nch@offset@orh=\skip89
\f@nch@offset@elf=\skip90
\f@nch@offset@erf=\skip91
\f@nch@offset@olf=\skip92
\f@nch@offset@orf=\skip93
\f@nch@height=\skip94
\f@nch@footalignment=\skip95
\f@nch@widthL=\skip96
\f@nch@widthC=\skip97
\f@nch@widthR=\skip98
\@temptokenb=\toks37
)
(D:\miktex\tex/latex/natbib\natbib.sty
Package: natbib 2010/09/13 8.31b (PWD, AO)
\bibhang=\skip99
\bibsep=\skip100
LaTeX Info: Redefining \cite on input line 694.
\c@NAT@ctr=\count387
)
(D:\miktex\tex/latex/tocloft\tocloft.sty
Package: tocloft 2017/08/31 v2.3i parameterised ToC, etc., typesetting
Package tocloft Info: The document has chapter divisions on input line 51.
\cftparskip=\skip101
\cftbeforetoctitleskip=\skip102
\cftaftertoctitleskip=\skip103
\cftbeforepartskip=\skip104
\cftpartnumwidth=\skip105
\cftpartindent=\skip106
\cftbeforechapskip=\skip107
\cftchapindent=\skip108
\cftchapnumwidth=\skip109
\cftbeforesecskip=\skip110
\cftsecindent=\skip111
\cftsecnumwidth=\skip112
\cftbeforesubsecskip=\skip113
\cftsubsecindent=\skip114
\cftsubsecnumwidth=\skip115
\cftbeforesubsubsecskip=\skip116
\cftsubsubsecindent=\skip117
\cftsubsubsecnumwidth=\skip118
\cftbeforeparaskip=\skip119
\cftparaindent=\skip120
\cftparanumwidth=\skip121
\cftbeforesubparaskip=\skip122
\cftsubparaindent=\skip123
\cftsubparanumwidth=\skip124
\cftbeforeloftitleskip=\skip125
\cftafterloftitleskip=\skip126
\cftbeforefigskip=\skip127
\cftfigindent=\skip128
\cftfignumwidth=\skip129
\c@lofdepth=\count388
\c@lotdepth=\count389
\cftbeforelottitleskip=\skip130
\cftafterlottitleskip=\skip131
\cftbeforetabskip=\skip132
\cfttabindent=\skip133
\cfttabnumwidth=\skip134
)
\@indexfile=\write4
\openout4 = `refman.idx'.


Writing index file refman.idx
(D:\miktex\tex/latex/hyperref\hyperref.sty
Package: hyperref 2023-11-26 v7.01g Hypertext links for LaTeX

(D:\miktex\tex/latex/kvsetkeys\kvsetkeys.sty
Package: kvsetkeys 2022-10-05 v1.19 Key value parser (HO)
)
(D:\miktex\tex/generic/kvdefinekeys\kvdefinekeys.sty
Package: kvdefinekeys 2019-12-19 v1.6 Define keys (HO)
)
(D:\miktex\tex/generic/pdfescape\pdfescape.sty
Package: pdfescape 2019/12/09 v1.15 Implements pdfTeX's escape features (HO)

(D:\miktex\tex/generic/ltxcmds\ltxcmds.sty
Package: ltxcmds 2023-12-04 v1.26 LaTeX kernel commands for general use (HO)
)
(D:\miktex\tex/generic/pdftexcmds\pdftexcmds.sty
Package: pdftexcmds 2020-06-27 v0.33 Utility functions of pdfTeX for LuaTeX (HO
)
Package pdftexcmds Info: \pdf@primitive is available.
Package pdftexcmds Info: \pdf@ifprimitive is available.
Package pdftexcmds Info: \pdfdraftmode not found.
))
(D:\miktex\tex/latex/hycolor\hycolor.sty
Package: hycolor 2020-01-27 v1.10 Color options for hyperref/bookmark (HO)
)
(D:\miktex\tex/latex/letltxmacro\letltxmacro.sty
Package: letltxmacro 2019/12/03 v1.6 Let assignment for LaTeX macros (HO)
)
(D:\miktex\tex/latex/auxhook\auxhook.sty
Package: auxhook 2019-12-17 v1.6 Hooks for auxiliary files (HO)
)
(D:\miktex\tex/latex/hyperref\nameref.sty
Package: nameref 2023-11-26 v2.56 Cross-referencing by name of section

(D:\miktex\tex/latex/refcount\refcount.sty
Package: refcount 2019/12/15 v3.6 Data extraction from label references (HO)
)
(D:\miktex\tex/generic/gettitlestring\gettitlestring.sty
Package: gettitlestring 2019/12/15 v1.6 Cleanup title references (HO)

(D:\miktex\tex/latex/kvoptions\kvoptions.sty
Package: kvoptions 2022-06-15 v3.15 Key value format for package options (HO)
))
\c@section@level=\count390
)
\@linkdim=\dimen312
\Hy@linkcounter=\count391
\Hy@pagecounter=\count392

(D:\miktex\tex/latex/hyperref\pd1enc.def
File: pd1enc.def 2023-11-26 v7.01g Hyperref: PDFDocEncoding definition (HO)
)
\Hy@SavedSpaceFactor=\count393

(D:\miktex\tex/latex/hyperref\puenc.def
File: puenc.def 2023-11-26 v7.01g Hyperref: PDF Unicode definition (HO)
)
Package hyperref Info: Hyper figures OFF on input line 4181.
Package hyperref Info: Link nesting OFF on input line 4186.
Package hyperref Info: Hyper index ON on input line 4189.
Package hyperref Info: Plain pages OFF on input line 4196.
Package hyperref Info: Backreferencing ON on input line 4199.
Package hyperref Info: Implicit mode ON; LaTeX internals redefined.
Package hyperref Info: Bookmarks ON on input line 4448.

(D:\miktex\tex/latex/hyperref\backref.sty
Package: backref 2023-11-26 v1.44 Bibliographical back referencing

(D:\miktex\tex/latex/rerunfilecheck\rerunfilecheck.sty
Package: rerunfilecheck 2022-07-10 v1.10 Rerun checks for auxiliary files (HO)

(D:\miktex\tex/latex/base\atveryend-ltx.sty
Package: atveryend-ltx 2020/08/19 v1.0a Emulation of the original atveryend pac
kage
with kernel methods
)
(D:\miktex\tex/generic/uniquecounter\uniquecounter.sty
Package: uniquecounter 2019/12/15 v1.4 Provide unlimited unique counter (HO)

(D:\miktex\tex/generic/bigintcalc\bigintcalc.sty
Package: bigintcalc 2019/12/15 v1.5 Expandable calculations on big integers (HO
)
))
Package uniquecounter Info: New unique counter `rerunfilecheck' on input line 2
85.
))
\c@Hy@tempcnt=\count394

(D:\miktex\tex/latex/url\url.sty
\Urlmuskip=\muskip18
Package: url 2013/09/16  ver 3.4  Verb mode for urls, etc.
)
LaTeX Info: Redefining \url on input line 4786.
\XeTeXLinkMargin=\dimen313
 (D:\miktex\tex/generic/bitset\bitset.sty
Package: bitset 2019/12/09 v1.3 Handle bit-vector datatype (HO)
)
\Fld@menulength=\count395
\Field@Width=\dimen314
\Fld@charsize=\dimen315
Package hyperref Info: Hyper figures OFF on input line 6065.
Package hyperref Info: Link nesting OFF on input line 6070.
Package hyperref Info: Hyper index ON on input line 6073.
Package hyperref Info: backreferencing ON on input line 6078.
Package hyperref Info: Link coloring OFF on input line 6085.
Package hyperref Info: Link coloring with OCG OFF on input line 6090.
Package hyperref Info: PDF/A mode OFF on input line 6095.

(D:\miktex\tex/latex/base\atbegshi-ltx.sty
Package: atbegshi-ltx 2021/01/10 v1.0c Emulation of the original atbegshi
package with kernel methods
)
\Hy@abspage=\count396
\c@Item=\count397
\c@Hfootnote=\count398
)
Package hyperref Info: Driver: hxetex.

(D:\miktex\tex/latex/hyperref\hxetex.def
File: hxetex.def 2023-11-26 v7.01g Hyperref driver for XeTeX

(D:\miktex\tex/generic/stringenc\stringenc.sty
Package: stringenc 2019/11/29 v1.12 Convert strings between diff. encodings (HO
)
)
\pdfm@box=\box151
\c@Hy@AnnotLevel=\count399
\HyField@AnnotCount=\count400
\Fld@listcount=\count401
\c@bookmark@seq@number=\count402
\Hy@SectionHShift=\skip135
)
Package hyperref Info: Option `colorlinks' set `true' on input line 181.
Package hyperref Info: Option `unicode' set `true' on input line 181.

(D:\miktex\tex/latex/caption\caption.sty
Package: caption 2023/08/05 v3.6o Customizing captions (AR)

(D:\miktex\tex/latex/caption\caption3.sty
Package: caption3 2023/07/31 v2.4d caption3 kernel (AR)
\caption@tempdima=\dimen316
\captionmargin=\dimen317
\caption@leftmargin=\dimen318
\caption@rightmargin=\dimen319
\caption@width=\dimen320
\caption@indent=\dimen321
\caption@parindent=\dimen322
\caption@hangindent=\dimen323
Package caption Info: Standard document class detected.
)
\c@caption@flags=\count403
\c@continuedfloat=\count404
Package caption Info: changepage package is loaded.
\caption@adjustwidth@hsize=\dimen324
\caption@adjustwidth@linewidth=\dimen325
Package caption Info: float package is loaded.
Package caption Info: hyperref package is loaded.
Package caption Info: longtable package is loaded.

(D:\miktex\tex/latex/caption\ltcaption.sty
Package: ltcaption 2021/01/08 v1.4c longtable captions (AR)
)) (D:\miktex\tex/latex/etoc\etoc.sty
Package: etoc 2023/10/29 v1.2d Completely customisable TOCs (JFB)
\Etoc@toctoks=\toks38
\c@etoc@tocid=\count405
\etoc@framed@titlebox=\box152
\etoc@framed@contentsbox=\box153
)
LaTeX Font Info:    Trying to load font information for TU+phv on input line 20
3.
LaTeX Font Info:    No file TUphv.fd. on input line 203.


LaTeX Font Warning: Font shape `TU/phv/m/n' undefined
(Font)              using `TU/lmr/m/n' instead on input line 203.

(refman.aux)
\openout1 = `refman.aux'.

LaTeX Font Info:    Checking defaults for OML/cmm/m/it on input line 203.
LaTeX Font Info:    ... okay on input line 203.
LaTeX Font Info:    Checking defaults for OMS/cmsy/m/n on input line 203.
LaTeX Font Info:    ... okay on input line 203.
LaTeX Font Info:    Checking defaults for OT1/cmr/m/n on input line 203.
LaTeX Font Info:    ... okay on input line 203.
LaTeX Font Info:    Checking defaults for T1/cmr/m/n on input line 203.
LaTeX Font Info:    ... okay on input line 203.
LaTeX Font Info:    Checking defaults for TS1/cmr/m/n on input line 203.
LaTeX Font Info:    ... okay on input line 203.
LaTeX Font Info:    Checking defaults for TU/lmr/m/n on input line 203.
LaTeX Font Info:    ... okay on input line 203.
LaTeX Font Info:    Checking defaults for OMX/cmex/m/n on input line 203.
LaTeX Font Info:    ... okay on input line 203.
LaTeX Font Info:    Checking defaults for U/cmr/m/n on input line 203.
LaTeX Font Info:    ... okay on input line 203.
LaTeX Font Info:    Checking defaults for PD1/pdf/m/n on input line 203.
LaTeX Font Info:    ... okay on input line 203.
LaTeX Font Info:    Checking defaults for PU/pdf/m/n on input line 203.
LaTeX Font Info:    ... okay on input line 203.
LaTeX Font Info:    Overwriting math alphabet `\mathrm' in version `normal'
(Font)                  OT1/cmr/m/n --> TU/lmr/m/n on input line 203.
LaTeX Font Info:    Overwriting math alphabet `\mathit' in version `normal'
(Font)                  OT1/cmr/m/it --> TU/lmr/m/it on input line 203.
LaTeX Font Info:    Overwriting math alphabet `\mathbf' in version `normal'
(Font)                  OT1/cmr/bx/n --> TU/lmr/bx/n on input line 203.
LaTeX Font Info:    Overwriting math alphabet `\mathsf' in version `normal'
(Font)                  OT1/cmss/m/n --> TU/phv/m/n on input line 203.
LaTeX Font Info:    Overwriting math alphabet `\mathsf' in version `bold'
(Font)                  OT1/cmss/bx/n --> TU/phv/bx/n on input line 203.
LaTeX Font Info:    Overwriting math alphabet `\mathtt' in version `normal'
(Font)                  OT1/cmtt/m/n --> TU/pcr/m/n on input line 203.
LaTeX Font Info:    Overwriting math alphabet `\mathtt' in version `bold'
(Font)                  OT1/cmtt/m/n --> TU/pcr/bx/n on input line 203.

Package fontspec Info: Font family 'latinmodern-math.otf(0)' created for font
(fontspec)             'latinmodern-math.otf' with options
(fontspec)             [Ligatures={TeX},BoldItalicFont={},ItalicFont={},SmallCa
psFont={},Script=Math,BoldFont={latinmodern-math.otf}].
(fontspec)              
(fontspec)              This font family consists of the following NFSS
(fontspec)             series/shapes:
(fontspec)              
(fontspec)             - 'normal' (m/n) with NFSS spec.:
(fontspec)             <->"[latinmodern-math.otf]/OT:script=math;language=dflt;
mapping=tex-text;"
(fontspec)             - 'small caps'  (m/sc) with NFSS spec.: 
(fontspec)             - 'bold' (b/n) with NFSS spec.:
(fontspec)             <->"[latinmodern-math.otf]/OT:script=math;language=dflt;
mapping=tex-text;"
(fontspec)             - 'bold small caps'  (b/sc) with NFSS spec.: 


Package fontspec Info: Font family 'latinmodern-math.otf(1)' created for font
(fontspec)             'latinmodern-math.otf' with options
(fontspec)             [Ligatures={TeX},BoldItalicFont={},ItalicFont={},SmallCa
psFont={},Script=Math,SizeFeatures={{Size=8.5-},{Size=6-8.5,Font=latinmodern-ma
th.otf,Style=MathScript},{Size=-6,Font=latinmodern-math.otf,Style=MathScriptScr
ipt}},BoldFont={latinmodern-math.otf}].
(fontspec)              
(fontspec)              This font family consists of the following NFSS
(fontspec)             series/shapes:
(fontspec)              
(fontspec)             - 'normal' (m/n) with NFSS spec.:
(fontspec)             <8.5->"[latinmodern-math.otf]/OT:script=math;language=df
lt;mapping=tex-text;"<6-8.5>"[latinmodern-math.otf]/OT:script=math;language=dfl
t;+ssty=0;mapping=tex-text;"<-6>"[latinmodern-math.otf]/OT:script=math;language
=dflt;+ssty=1;mapping=tex-text;"
(fontspec)             - 'small caps'  (m/sc) with NFSS spec.: 
(fontspec)             - 'bold' (b/n) with NFSS spec.:
(fontspec)             <->"[latinmodern-math.otf]/OT:script=math;language=dflt;
mapping=tex-text;"
(fontspec)             - 'bold small caps'  (b/sc) with NFSS spec.: 

LaTeX Font Info:    Encoding `OT1' has changed to `TU' for symbol font
(Font)              `operators' in the math version `normal' on input line 203.

LaTeX Font Info:    Overwriting symbol font `operators' in version `normal'
(Font)                  OT1/cmr/m/n --> TU/latinmodern-math.otf(1)/m/n on input
 line 203.
LaTeX Font Info:    Encoding `OT1' has changed to `TU' for symbol font
(Font)              `operators' in the math version `bold' on input line 203.
LaTeX Font Info:    Overwriting symbol font `operators' in version `bold'
(Font)                  OT1/cmr/bx/n --> TU/latinmodern-math.otf(1)/b/n on inpu
t line 203.

Package fontspec Info: latinmodern-math scale = 1.0001.


Package fontspec Info: latinmodern-math scale = 1.0001.


Package fontspec Info: latinmodern-math scale = 1.0001.


Package fontspec Info: latinmodern-math scale = 1.0001.


Package fontspec Info: latinmodern-math scale = 1.0001.


Package fontspec Info: Font family 'latinmodern-math.otf(2)' created for font
(fontspec)             'latinmodern-math.otf' with options
(fontspec)             [Ligatures={TeX},BoldItalicFont={},ItalicFont={},SmallCa
psFont={},Script=Math,SizeFeatures={{Size=8.5-},{Size=6-8.5,Font=latinmodern-ma
th.otf,Style=MathScript},{Size=-6,Font=latinmodern-math.otf,Style=MathScriptScr
ipt}},BoldFont={latinmodern-math.otf},ScaleAgain=1.0001,FontAdjustment={\fontdi
men
(fontspec)             8\font =6.77pt\relax \fontdimen 9\font =3.94pt\relax
(fontspec)             \fontdimen 10\font =4.44pt\relax \fontdimen 11\font
(fontspec)             =6.86pt\relax \fontdimen 12\font =3.45pt\relax
(fontspec)             \fontdimen 13\font =3.63pt\relax \fontdimen 14\font
(fontspec)             =3.63pt\relax \fontdimen 15\font =2.89pt\relax
(fontspec)             \fontdimen 16\font =2.47pt\relax \fontdimen 17\font
(fontspec)             =2.47pt\relax \fontdimen 18\font =2.5pt\relax
(fontspec)             \fontdimen 19\font =2.0pt\relax \fontdimen 22\font
(fontspec)             =2.5pt\relax \fontdimen 20\font =0pt\relax \fontdimen
(fontspec)             21\font =0pt\relax }].
(fontspec)              
(fontspec)              This font family consists of the following NFSS
(fontspec)             series/shapes:
(fontspec)              
(fontspec)             - 'normal' (m/n) with NFSS spec.:
(fontspec)             <8.5->s*[1.0001]"[latinmodern-math.otf]/OT:script=math;l
anguage=dflt;mapping=tex-text;"<6-8.5>s*[1.0001]"[latinmodern-math.otf]/OT:scri
pt=math;language=dflt;+ssty=0;mapping=tex-text;"<-6>s*[1.0001]"[latinmodern-mat
h.otf]/OT:script=math;language=dflt;+ssty=1;mapping=tex-text;"
(fontspec)             - 'small caps'  (m/sc) with NFSS spec.: 
(fontspec)             and font adjustment code:
(fontspec)             \fontdimen 8\font =6.77pt\relax \fontdimen 9\font
(fontspec)             =3.94pt\relax \fontdimen 10\font =4.44pt\relax
(fontspec)             \fontdimen 11\font =6.86pt\relax \fontdimen 12\font
(fontspec)             =3.45pt\relax \fontdimen 13\font =3.63pt\relax
(fontspec)             \fontdimen 14\font =3.63pt\relax \fontdimen 15\font
(fontspec)             =2.89pt\relax \fontdimen 16\font =2.47pt\relax
(fontspec)             \fontdimen 17\font =2.47pt\relax \fontdimen 18\font
(fontspec)             =2.5pt\relax \fontdimen 19\font =2.0pt\relax \fontdimen
(fontspec)             22\font =2.5pt\relax \fontdimen 20\font =0pt\relax
(fontspec)             \fontdimen 21\font =0pt\relax 
(fontspec)             - 'bold' (b/n) with NFSS spec.:
(fontspec)             <->s*[1.0001]"[latinmodern-math.otf]/OT:script=math;lang
uage=dflt;mapping=tex-text;"
(fontspec)             - 'bold small caps'  (b/sc) with NFSS spec.: 
(fontspec)             and font adjustment code:
(fontspec)             \fontdimen 8\font =6.77pt\relax \fontdimen 9\font
(fontspec)             =3.94pt\relax \fontdimen 10\font =4.44pt\relax
(fontspec)             \fontdimen 11\font =6.86pt\relax \fontdimen 12\font
(fontspec)             =3.45pt\relax \fontdimen 13\font =3.63pt\relax
(fontspec)             \fontdimen 14\font =3.63pt\relax \fontdimen 15\font
(fontspec)             =2.89pt\relax \fontdimen 16\font =2.47pt\relax
(fontspec)             \fontdimen 17\font =2.47pt\relax \fontdimen 18\font
(fontspec)             =2.5pt\relax \fontdimen 19\font =2.0pt\relax \fontdimen
(fontspec)             22\font =2.5pt\relax \fontdimen 20\font =0pt\relax
(fontspec)             \fontdimen 21\font =0pt\relax 

LaTeX Font Info:    Encoding `OMS' has changed to `TU' for symbol font
(Font)              `symbols' in the math version `normal' on input line 203.
LaTeX Font Info:    Overwriting symbol font `symbols' in version `normal'
(Font)                  OMS/cmsy/m/n --> TU/latinmodern-math.otf(2)/m/n on inpu
t line 203.
LaTeX Font Info:    Encoding `OMS' has changed to `TU' for symbol font
(Font)              `symbols' in the math version `bold' on input line 203.
LaTeX Font Info:    Overwriting symbol font `symbols' in version `bold'
(Font)                  OMS/cmsy/b/n --> TU/latinmodern-math.otf(2)/b/n on inpu
t line 203.

Package fontspec Info: latinmodern-math scale = 0.9999.


Package fontspec Info: latinmodern-math scale = 0.9999.


Package fontspec Info: latinmodern-math scale = 0.9999.


Package fontspec Info: latinmodern-math scale = 0.9999.


Package fontspec Info: latinmodern-math scale = 0.9999.


Package fontspec Info: Font family 'latinmodern-math.otf(3)' created for font
(fontspec)             'latinmodern-math.otf' with options
(fontspec)             [Ligatures={TeX},BoldItalicFont={},ItalicFont={},SmallCa
psFont={},Script=Math,SizeFeatures={{Size=8.5-},{Size=6-8.5,Font=latinmodern-ma
th.otf,Style=MathScript},{Size=-6,Font=latinmodern-math.otf,Style=MathScriptScr
ipt}},BoldFont={latinmodern-math.otf},ScaleAgain=0.9999,FontAdjustment={\fontdi
men
(fontspec)             8\font =0.4pt\relax \fontdimen 9\font =2.0pt\relax
(fontspec)             \fontdimen 10\font =1.67pt\relax \fontdimen 11\font
(fontspec)             =1.11pt\relax \fontdimen 12\font =6.0pt\relax
(fontspec)             \fontdimen 13\font =0pt\relax }].
(fontspec)              
(fontspec)              This font family consists of the following NFSS
(fontspec)             series/shapes:
(fontspec)              
(fontspec)             - 'normal' (m/n) with NFSS spec.:
(fontspec)             <8.5->s*[0.9999]"[latinmodern-math.otf]/OT:script=math;l
anguage=dflt;mapping=tex-text;"<6-8.5>s*[0.9999]"[latinmodern-math.otf]/OT:scri
pt=math;language=dflt;+ssty=0;mapping=tex-text;"<-6>s*[0.9999]"[latinmodern-mat
h.otf]/OT:script=math;language=dflt;+ssty=1;mapping=tex-text;"
(fontspec)             - 'small caps'  (m/sc) with NFSS spec.: 
(fontspec)             and font adjustment code:
(fontspec)             \fontdimen 8\font =0.4pt\relax \fontdimen 9\font
(fontspec)             =2.0pt\relax \fontdimen 10\font =1.67pt\relax
(fontspec)             \fontdimen 11\font =1.11pt\relax \fontdimen 12\font
(fontspec)             =6.0pt\relax \fontdimen 13\font =0pt\relax 
(fontspec)             - 'bold' (b/n) with NFSS spec.:
(fontspec)             <->s*[0.9999]"[latinmodern-math.otf]/OT:script=math;lang
uage=dflt;mapping=tex-text;"
(fontspec)             - 'bold small caps'  (b/sc) with NFSS spec.: 
(fontspec)             and font adjustment code:
(fontspec)             \fontdimen 8\font =0.4pt\relax \fontdimen 9\font
(fontspec)             =2.0pt\relax \fontdimen 10\font =1.67pt\relax
(fontspec)             \fontdimen 11\font =1.11pt\relax \fontdimen 12\font
(fontspec)             =6.0pt\relax \fontdimen 13\font =0pt\relax 

LaTeX Font Info:    Encoding `OMX' has changed to `TU' for symbol font
(Font)              `largesymbols' in the math version `normal' on input line 2
03.
LaTeX Font Info:    Overwriting symbol font `largesymbols' in version `normal'
(Font)                  OMX/cmex/m/n --> TU/latinmodern-math.otf(3)/m/n on inpu
t line 203.
LaTeX Font Info:    Encoding `OMX' has changed to `TU' for symbol font
(Font)              `largesymbols' in the math version `bold' on input line 203
.
LaTeX Font Info:    Overwriting symbol font `largesymbols' in version `bold'
(Font)                  OMX/cmex/m/n --> TU/latinmodern-math.otf(3)/b/n on inpu
t line 203.

*geometry* driver: auto-detecting
*geometry* detected driver: xetex
*geometry* verbose mode - [ preamble ] result:
* driver: xetex
* paper: a4paper
* layout: <same size as paper>
* layoutoffset:(h,v)=(0.0pt,0.0pt)
* modes: twoside 
* h-part:(L,W,R)=(71.13188pt, 455.24411pt, 71.13188pt)
* v-part:(T,H,B)=(71.13188pt, 702.78308pt, 71.13188pt)
* \paperwidth=597.50787pt
* \paperheight=845.04684pt
* \textwidth=455.24411pt
* \textheight=702.78308pt
* \oddsidemargin=-1.1381pt
* \evensidemargin=-1.1381pt
* \topmargin=-31.2056pt
* \headheight=12.0pt
* \headsep=18.06749pt
* \topskip=10.0pt
* \footskip=25.29494pt
* \marginparwidth=125.0pt
* \marginparsep=7.0pt
* \columnsep=10.0pt
* \skip\footins=9.0pt plus 4.0pt minus 2.0pt
* \hoffset=0.0pt
* \voffset=0.0pt
* \mag=1000
* \@twocolumnfalse
* \@twosidetrue
* \@mparswitchtrue
* \@reversemarginfalse
* (1in=72.27pt=25.4mm, 1cm=28.453pt)

Package backref Info: ** backref set up for natbib ** on input line 203.
Package hyperref Info: Link coloring ON on input line 203.
(refman.out) (refman.out)
\@outlinefile=\write5
\openout5 = `refman.out'.

Package caption Info: Begin \AtBeginDocument code.
Package caption Info: End \AtBeginDocument code.
\Etoc@tf=\read5
Package hyperref Info: Option `pageanchor' set `false' on input line 211.
Package hyperref Info: Option `bookmarksnumbered' set `true' on input line 211.

LaTeX Font Info:    Font shape `TU/latinmodern-math.otf(2)/m/n' will be
(Font)              scaled to size 7.00075pt on input line 216.
LaTeX Font Info:    Font shape `TU/latinmodern-math.otf(2)/m/n' will be
(Font)              scaled to size 5.00053pt on input line 216.
LaTeX Font Info:    Font shape `TU/latinmodern-math.otf(3)/m/n' will be
(Font)              scaled to size 6.99925pt on input line 216.
LaTeX Font Info:    Font shape `TU/latinmodern-math.otf(3)/m/n' will be
(Font)              scaled to size 4.99947pt on input line 216.
LaTeX Font Info:    Trying to load font information for U+msa on input line 216
.
 (D:\miktex\tex/latex/amsfonts\umsa.fd
File: umsa.fd 2013/01/14 v3.01 AMS symbols A
)
LaTeX Font Info:    Trying to load font information for U+msb on input line 216
.

(D:\miktex\tex/latex/amsfonts\umsb.fd
File: umsb.fd 2013/01/14 v3.01 AMS symbols B
)
LaTeX Font Info:    Trying to load font information for U+wasy on input line 21
6.
 (D:\miktex\tex/latex/wasysym\uwasy.fd
File: uwasy.fd 2020/01/19 v2.4 Wasy-2 symbol font definitions
)
[1


] [2

]
\tf@toc=\write6
\openout6 = `refman.toc'.



LaTeX Font Warning: Font shape `TU/phv/b/n' undefined
(Font)              using `TU/phv/bx/n' instead on input line 224.


LaTeX Font Warning: Font shape `TU/phv/bx/n' undefined
(Font)              using `TU/phv/m/n' instead on input line 224.


LaTeX Font Warning: Font shape `TU/phv/b/n' undefined
(Font)              using `TU/phv/bx/n' instead on input line 224.

LaTeX Font Info:    Font shape `TU/latinmodern-math.otf(2)/m/n' will be
(Font)              scaled to size 10.00107pt on input line 224.
LaTeX Font Info:    Font shape `TU/latinmodern-math.otf(3)/m/n' will be
(Font)              scaled to size 9.99893pt on input line 224.

LaTeX Font Warning: Font shape `TU/phv/b/n' undefined
(Font)              using `TU/phv/bx/n' instead on input line 224.


LaTeX Font Warning: Font shape `TU/phv/b/n' undefined
(Font)              using `TU/phv/bx/n' instead on input line 224.


LaTeX Font Warning: Font shape `TU/phv/b/n' undefined
(Font)              using `TU/phv/bx/n' instead on input line 224.


LaTeX Font Warning: Font shape `TU/phv/b/n' undefined
(Font)              using `TU/phv/bx/n' instead on input line 224.


LaTeX Font Warning: Font shape `TU/phv/b/n' undefined
(Font)              using `TU/phv/bx/n' instead on input line 224.


LaTeX Font Warning: Font shape `TU/phv/b/n' undefined
(Font)              using `TU/phv/bx/n' instead on input line 224.


LaTeX Font Warning: Font shape `TU/phv/b/n' undefined
(Font)              using `TU/phv/bx/n' instead on input line 224.


LaTeX Font Warning: Font shape `TU/phv/b/n' undefined
(Font)              using `TU/phv/bx/n' instead on input line 224.


LaTeX Font Warning: Font shape `TU/phv/b/n' undefined
(Font)              using `TU/phv/bx/n' instead on input line 224.


LaTeX Font Warning: Font shape `TU/phv/b/n' undefined
(Font)              using `TU/phv/bx/n' instead on input line 224.

[1]

LaTeX Font Warning: Font shape `TU/phv/b/n' undefined
(Font)              using `TU/phv/bx/n' instead on input line 224.


LaTeX Font Warning: Font shape `TU/phv/b/n' undefined
(Font)              using `TU/phv/bx/n' instead on input line 224.


LaTeX Font Warning: Font shape `TU/phv/b/n' undefined
(Font)              using `TU/phv/bx/n' instead on input line 224.


LaTeX Font Warning: Font shape `TU/phv/b/n' undefined
(Font)              using `TU/phv/bx/n' instead on input line 224.


LaTeX Font Warning: Font shape `TU/phv/b/n' undefined
(Font)              using `TU/phv/bx/n' instead on input line 224.


LaTeX Font Warning: Font shape `TU/phv/b/n' undefined
(Font)              using `TU/phv/bx/n' instead on input line 224.

[2]
Package hyperref Info: Option `pageanchor' set `true' on input line 227.

Rozdział 1.

LaTeX Font Warning: Font shape `TU/phv/b/n' undefined
(Font)              using `TU/phv/bx/n' instead on input line 229.

(hierarchy.tex

LaTeX Font Warning: Font shape `TU/phv/b/n' undefined
(Font)              using `TU/phv/bx/n' instead on input line 1.


LaTeX Font Warning: Font shape `TU/phv/b/n' undefined
(Font)              using `TU/phv/bx/n' instead on input line 45.

[1


])

LaTeX Font Warning: Font shape `TU/phv/b/n' undefined
(Font)              using `TU/phv/bx/n' instead on input line 231.


LaTeX Font Warning: Font shape `TU/phv/b/n' undefined
(Font)              using `TU/phv/bx/n' instead on input line 231.


LaTeX Font Warning: Font shape `TU/phv/b/n' undefined
(Font)              using `TU/phv/bx/n' instead on input line 231.

[2]
Rozdział 2.

LaTeX Font Warning: Font shape `TU/phv/b/n' undefined
(Font)              using `TU/phv/bx/n' instead on input line 231.

(annotated.tex

LaTeX Font Warning: Font shape `TU/phv/b/n' undefined
(Font)              using `TU/phv/bx/n' instead on input line 1.


LaTeX Font Warning: Font shape `TU/phv/b/n' undefined
(Font)              using `TU/phv/bx/n' instead on input line 42.

[3

])

LaTeX Font Warning: Font shape `TU/phv/b/n' undefined
(Font)              using `TU/phv/bx/n' instead on input line 233.


LaTeX Font Warning: Font shape `TU/phv/b/n' undefined
(Font)              using `TU/phv/bx/n' instead on input line 233.


LaTeX Font Warning: Font shape `TU/phv/b/n' undefined
(Font)              using `TU/phv/bx/n' instead on input line 233.

[4]
Rozdział 3.

LaTeX Font Warning: Font shape `TU/phv/b/n' undefined
(Font)              using `TU/phv/bx/n' instead on input line 233.

(classcom_1_1example_1_1photopage_1_1config_1_1_application_configuration.tex

LaTeX Font Warning: Font shape `TU/phv/b/n' undefined
(Font)              using `TU/phv/bx/n' instead on input line 1.


LaTeX Font Warning: Font shape `TU/phv/b/n' undefined
(Font)              using `TU/phv/bx/n' instead on input line 3.


LaTeX Font Warning: Font shape `TU/phv/b/n' undefined
(Font)              using `TU/phv/bx/n' instead on input line 7.


LaTeX Font Warning: Font shape `TU/phv/b/n' undefined
(Font)              using `TU/phv/bx/n' instead on input line 10.


LaTeX Font Warning: Font shape `TU/phv/b/n' undefined
(Font)              using `TU/phv/bx/n' instead on input line 13.


Underfull \hbox (badness 10000) in paragraph at lines 13--15
[]\TU/phv/bx/n/10 AuthenticationManager authenticationManager (AuthenticationCo
nfiguration configuration)
 []


LaTeX Font Warning: Font shape `TU/phv/b/n' undefined
(Font)              using `TU/phv/bx/n' instead on input line 16.

) (classcom_1_1example_1_1photopage_1_1controller_1_1_auth_controller.tex

LaTeX Font Warning: Font shape `TU/phv/b/n' undefined
(Font)              using `TU/phv/bx/n' instead on input line 1.


LaTeX Font Warning: Font shape `TU/phv/b/n' undefined
(Font)              using `TU/phv/bx/n' instead on input line 3.


LaTeX Font Warning: Font shape `TU/phv/b/n' undefined
(Font)              using `TU/phv/bx/n' instead on input line 7.


LaTeX Font Warning: Font shape `TU/phv/b/n' undefined
(Font)              using `TU/phv/bx/n' instead on input line 10.


LaTeX Font Warning: Font shape `TU/phv/b/n' undefined
(Font)              using `TU/phv/bx/n' instead on input line 13.

) (classcom_1_1example_1_1photopage_1_1service_1_1_authentication_service.tex

LaTeX Font Warning: Font shape `TU/phv/b/n' undefined
(Font)              using `TU/phv/bx/n' instead on input line 1.


LaTeX Font Warning: Font shape `TU/phv/b/n' undefined
(Font)              using `TU/phv/bx/n' instead on input line 3.


LaTeX Font Warning: Font shape `TU/phv/b/n' undefined
(Font)              using `TU/phv/bx/n' instead on input line 7.


LaTeX Font Warning: Font shape `TU/phv/b/n' undefined
(Font)              using `TU/phv/bx/n' instead on input line 10.


LaTeX Font Warning: Font shape `TU/phv/b/n' undefined
(Font)              using `TU/phv/bx/n' instead on input line 13.

) (classcom_1_1example_1_1photopage_1_1model_1_1_comment.tex

LaTeX Font Warning: Font shape `TU/phv/b/n' undefined
(Font)              using `TU/phv/bx/n' instead on input line 1.


LaTeX Font Warning: Font shape `TU/phv/b/n' undefined
(Font)              using `TU/phv/bx/n' instead on input line 7.

[5

])
(interfacecom_1_1example_1_1photopage_1_1repository_1_1_comment_repository.tex

LaTeX Font Warning: Font shape `TU/phv/b/n' undefined
(Font)              using `TU/phv/bx/n' instead on input line 1.

File: interfacecom_1_1example_1_1photopage_1_1repository_1_1_comment_repository
.pdf Graphic file (type pdf)
<use interfacecom_1_1example_1_1photopage_1_1repository_1_1_comment_repository.
pdf>

LaTeX Font Warning: Font shape `TU/phv/b/n' undefined
(Font)              using `TU/phv/bx/n' instead on input line 9.


LaTeX Font Warning: Font shape `TU/phv/b/n' undefined
(Font)              using `TU/phv/bx/n' instead on input line 13.


LaTeX Font Warning: Font shape `TU/phv/b/n' undefined
(Font)              using `TU/phv/bx/n' instead on input line 16.

) (classcom_1_1example_1_1photopage_1_1model_1_1_follower.tex

LaTeX Font Warning: Font shape `TU/phv/b/n' undefined
(Font)              using `TU/phv/bx/n' instead on input line 1.

) (classcom_1_1example_1_1photopage_1_1controller_1_1_follower_controller.tex

LaTeX Font Warning: Font shape `TU/phv/b/n' undefined
(Font)              using `TU/phv/bx/n' instead on input line 1.


LaTeX Font Warning: Font shape `TU/phv/b/n' undefined
(Font)              using `TU/phv/bx/n' instead on input line 3.


LaTeX Font Warning: Font shape `TU/phv/b/n' undefined
(Font)              using `TU/phv/bx/n' instead on input line 7.


LaTeX Font Warning: Font shape `TU/phv/b/n' undefined
(Font)              using `TU/phv/bx/n' instead on input line 10.


LaTeX Font Warning: Font shape `TU/phv/b/n' undefined
(Font)              using `TU/phv/bx/n' instead on input line 13.


Underfull \hbox (badness 5345) in paragraph at lines 13--14
[]\TU/phv/bx/n/10 ResponseEntity$[]$?$[]$ followUser (@PathVariable Integer fol
lowerId, @PathVariable Integer
 []


LaTeX Font Warning: Font shape `TU/phv/b/n' undefined
(Font)              using `TU/phv/bx/n' instead on input line 19.


LaTeX Font Warning: Font shape `TU/phv/b/n' undefined
(Font)              using `TU/phv/bx/n' instead on input line 19.


LaTeX Font Warning: Font shape `TU/phv/b/n' undefined
(Font)              using `TU/phv/bx/n' instead on input line 19.

[6]) (classcom_1_1example_1_1photopage_1_1model_1_1_follower_id.tex

LaTeX Font Warning: Font shape `TU/phv/b/n' undefined
(Font)              using `TU/phv/bx/n' instead on input line 1.

File: classcom_1_1example_1_1photopage_1_1model_1_1_follower_id.pdf Graphic fil
e (type pdf)
<use classcom_1_1example_1_1photopage_1_1model_1_1_follower_id.pdf>
)
(interfacecom_1_1example_1_1photopage_1_1repository_1_1_follower_repository.tex

LaTeX Font Warning: Font shape `TU/phv/b/n' undefined
(Font)              using `TU/phv/bx/n' instead on input line 1.

File: interfacecom_1_1example_1_1photopage_1_1repository_1_1_follower_repositor
y.pdf Graphic file (type pdf)
<use interfacecom_1_1example_1_1photopage_1_1repository_1_1_follower_repository
.pdf>

LaTeX Font Warning: Font shape `TU/phv/b/n' undefined
(Font)              using `TU/phv/bx/n' instead on input line 9.


LaTeX Font Warning: Font shape `TU/phv/b/n' undefined
(Font)              using `TU/phv/bx/n' instead on input line 13.


LaTeX Font Warning: Font shape `TU/phv/b/n' undefined
(Font)              using `TU/phv/bx/n' instead on input line 16.

) (classcom_1_1example_1_1photopage_1_1service_1_1_follower_service.tex

LaTeX Font Warning: Font shape `TU/phv/b/n' undefined
(Font)              using `TU/phv/bx/n' instead on input line 1.


LaTeX Font Warning: Font shape `TU/phv/b/n' undefined
(Font)              using `TU/phv/bx/n' instead on input line 3.


LaTeX Font Warning: Font shape `TU/phv/b/n' undefined
(Font)              using `TU/phv/bx/n' instead on input line 7.


LaTeX Font Warning: Font shape `TU/phv/b/n' undefined
(Font)              using `TU/phv/bx/n' instead on input line 10.


LaTeX Font Warning: Font shape `TU/phv/b/n' undefined
(Font)              using `TU/phv/bx/n' instead on input line 12.


LaTeX Font Warning: Font shape `TU/phv/b/n' undefined
(Font)              using `TU/phv/bx/n' instead on input line 12.


LaTeX Font Warning: Font shape `TU/phv/b/n' undefined
(Font)              using `TU/phv/bx/n' instead on input line 12.

[7]

LaTeX Font Warning: Font shape `TU/phv/b/n' undefined
(Font)              using `TU/phv/bx/n' instead on input line 13.

)
(classcom_1_1example_1_1photopage_1_1exceptions_1_1_global_exception_handler.te
x

LaTeX Font Warning: Font shape `TU/phv/b/n' undefined
(Font)              using `TU/phv/bx/n' instead on input line 1.


LaTeX Font Warning: Font shape `TU/phv/b/n' undefined
(Font)              using `TU/phv/bx/n' instead on input line 3.


LaTeX Font Warning: Font shape `TU/phv/b/n' undefined
(Font)              using `TU/phv/bx/n' instead on input line 7.

) (classcom_1_1example_1_1photopage_1_1filter_1_1_jwt_authentication_filter.tex

LaTeX Font Warning: Font shape `TU/phv/b/n' undefined
(Font)              using `TU/phv/bx/n' instead on input line 1.

File: classcom_1_1example_1_1photopage_1_1filter_1_1_jwt_authentication_filter.
pdf Graphic file (type pdf)
<use classcom_1_1example_1_1photopage_1_1filter_1_1_jwt_authentication_filter.p
df>

LaTeX Font Warning: Font shape `TU/phv/b/n' undefined
(Font)              using `TU/phv/bx/n' instead on input line 9.


LaTeX Font Warning: Font shape `TU/phv/b/n' undefined
(Font)              using `TU/phv/bx/n' instead on input line 13.


Overfull \hbox (42.65714pt too wide) in paragraph at lines 13--14
[]\TU/phv/bx/n/10 JwtAuthenticationFilter ([] jwtService, UserDetailsService us
erDetailsService, @Qualifier(”handler[]
 []


LaTeX Font Warning: Font shape `TU/phv/b/n' undefined
(Font)              using `TU/phv/bx/n' instead on input line 15.


LaTeX Font Warning: Font shape `TU/phv/b/n' undefined
(Font)              using `TU/phv/bx/n' instead on input line 19.

) (classcom_1_1example_1_1photopage_1_1service_1_1_jwt_service.tex

LaTeX Font Warning: Font shape `TU/phv/b/n' undefined
(Font)              using `TU/phv/bx/n' instead on input line 1.


LaTeX Font Warning: Font shape `TU/phv/b/n' undefined
(Font)              using `TU/phv/bx/n' instead on input line 3.


LaTeX Font Warning: Font shape `TU/phv/b/n' undefined
(Font)              using `TU/phv/bx/n' instead on input line 7.


LaTeX Font Warning: Font shape `TU/phv/b/n' undefined
(Font)              using `TU/phv/bx/n' instead on input line 10.


LaTeX Font Warning: Font shape `TU/phv/b/n' undefined
(Font)              using `TU/phv/bx/n' instead on input line 13.


LaTeX Font Warning: Font shape `TU/phv/b/n' undefined
(Font)              using `TU/phv/bx/n' instead on input line 16.


LaTeX Font Warning: Font shape `TU/phv/b/n' undefined
(Font)              using `TU/phv/bx/n' instead on input line 18.


LaTeX Font Warning: Font shape `TU/phv/b/n' undefined
(Font)              using `TU/phv/bx/n' instead on input line 18.


LaTeX Font Warning: Font shape `TU/phv/b/n' undefined
(Font)              using `TU/phv/bx/n' instead on input line 18.

[8]

LaTeX Font Warning: Font shape `TU/phv/b/n' undefined
(Font)              using `TU/phv/bx/n' instead on input line 19.


LaTeX Font Warning: Font shape `TU/phv/b/n' undefined
(Font)              using `TU/phv/bx/n' instead on input line 22.

) (classcom_1_1example_1_1photopage_1_1model_1_1_like.tex

LaTeX Font Warning: Font shape `TU/phv/b/n' undefined
(Font)              using `TU/phv/bx/n' instead on input line 1.

) (classcom_1_1example_1_1photopage_1_1model_1_1_like_id.tex

LaTeX Font Warning: Font shape `TU/phv/b/n' undefined
(Font)              using `TU/phv/bx/n' instead on input line 1.

File: classcom_1_1example_1_1photopage_1_1model_1_1_like_id.pdf Graphic file (t
ype pdf)
<use classcom_1_1example_1_1photopage_1_1model_1_1_like_id.pdf>
) (interfacecom_1_1example_1_1photopage_1_1repository_1_1_like_repository.tex

LaTeX Font Warning: Font shape `TU/phv/b/n' undefined
(Font)              using `TU/phv/bx/n' instead on input line 1.

File: interfacecom_1_1example_1_1photopage_1_1repository_1_1_like_repository.pd
f Graphic file (type pdf)
<use interfacecom_1_1example_1_1photopage_1_1repository_1_1_like_repository.pdf
>

LaTeX Font Warning: Font shape `TU/phv/b/n' undefined
(Font)              using `TU/phv/bx/n' instead on input line 9.


LaTeX Font Warning: Font shape `TU/phv/b/n' undefined
(Font)              using `TU/phv/bx/n' instead on input line 13.


LaTeX Font Warning: Font shape `TU/phv/b/n' undefined
(Font)              using `TU/phv/bx/n' instead on input line 16.

) (classcom_1_1example_1_1photopage_1_1dto_1_1_login_request.tex

LaTeX Font Warning: Font shape `TU/phv/b/n' undefined
(Font)              using `TU/phv/bx/n' instead on input line 1.


LaTeX Font Warning: Font shape `TU/phv/b/n' undefined
(Font)              using `TU/phv/bx/n' instead on input line 7.


LaTeX Font Warning: Font shape `TU/phv/b/n' undefined
(Font)              using `TU/phv/bx/n' instead on input line 7.


LaTeX Font Warning: Font shape `TU/phv/b/n' undefined
(Font)              using `TU/phv/bx/n' instead on input line 7.

[9]) (classcom_1_1example_1_1photopage_1_1dto_1_1_login_response.tex

LaTeX Font Warning: Font shape `TU/phv/b/n' undefined
(Font)              using `TU/phv/bx/n' instead on input line 1.

) (classcom_1_1example_1_1photopage_1_1model_1_1_photo.tex

LaTeX Font Warning: Font shape `TU/phv/b/n' undefined
(Font)              using `TU/phv/bx/n' instead on input line 1.

) (classcom_1_1example_1_1photopage_1_1controller_1_1_photo_controller.tex

LaTeX Font Warning: Font shape `TU/phv/b/n' undefined
(Font)              using `TU/phv/bx/n' instead on input line 1.


LaTeX Font Warning: Font shape `TU/phv/b/n' undefined
(Font)              using `TU/phv/bx/n' instead on input line 3.


LaTeX Font Warning: Font shape `TU/phv/b/n' undefined
(Font)              using `TU/phv/bx/n' instead on input line 7.


LaTeX Font Warning: Font shape `TU/phv/b/n' undefined
(Font)              using `TU/phv/bx/n' instead on input line 10.


LaTeX Font Warning: Font shape `TU/phv/b/n' undefined
(Font)              using `TU/phv/bx/n' instead on input line 13.


LaTeX Font Warning: Font shape `TU/phv/b/n' undefined
(Font)              using `TU/phv/bx/n' instead on input line 16.


LaTeX Font Warning: Font shape `TU/phv/b/n' undefined
(Font)              using `TU/phv/bx/n' instead on input line 19.

) (classcom_1_1example_1_1photopage_1_1_photo_page_application.tex

LaTeX Font Warning: Font shape `TU/phv/b/n' undefined
(Font)              using `TU/phv/bx/n' instead on input line 1.


LaTeX Font Warning: Font shape `TU/phv/b/n' undefined
(Font)              using `TU/phv/bx/n' instead on input line 3.


LaTeX Font Warning: Font shape `TU/phv/b/n' undefined
(Font)              using `TU/phv/bx/n' instead on input line 7.

) (interfacecom_1_1example_1_1photopage_1_1repository_1_1_photo_repository.tex

LaTeX Font Warning: Font shape `TU/phv/b/n' undefined
(Font)              using `TU/phv/bx/n' instead on input line 1.

File: interfacecom_1_1example_1_1photopage_1_1repository_1_1_photo_repository.p
df Graphic file (type pdf)
<use interfacecom_1_1example_1_1photopage_1_1repository_1_1_photo_repository.pd
f>

LaTeX Font Warning: Font shape `TU/phv/b/n' undefined
(Font)              using `TU/phv/bx/n' instead on input line 8.


LaTeX Font Warning: Font shape `TU/phv/b/n' undefined
(Font)              using `TU/phv/bx/n' instead on input line 8.


LaTeX Font Warning: Font shape `TU/phv/b/n' undefined
(Font)              using `TU/phv/bx/n' instead on input line 8.

[10]) (classcom_1_1example_1_1photopage_1_1service_1_1_photo_service.tex

LaTeX Font Warning: Font shape `TU/phv/b/n' undefined
(Font)              using `TU/phv/bx/n' instead on input line 1.


LaTeX Font Warning: Font shape `TU/phv/b/n' undefined
(Font)              using `TU/phv/bx/n' instead on input line 3.


LaTeX Font Warning: Font shape `TU/phv/b/n' undefined
(Font)              using `TU/phv/bx/n' instead on input line 7.


LaTeX Font Warning: Font shape `TU/phv/b/n' undefined
(Font)              using `TU/phv/bx/n' instead on input line 10.


LaTeX Font Warning: Font shape `TU/phv/b/n' undefined
(Font)              using `TU/phv/bx/n' instead on input line 13.


LaTeX Font Warning: Font shape `TU/phv/b/n' undefined
(Font)              using `TU/phv/bx/n' instead on input line 16.

) (classcom_1_1example_1_1photopage_1_1model_1_1_post.tex

LaTeX Font Warning: Font shape `TU/phv/b/n' undefined
(Font)              using `TU/phv/bx/n' instead on input line 1.

) (classcom_1_1example_1_1photopage_1_1controller_1_1_post_controller.tex

LaTeX Font Warning: Font shape `TU/phv/b/n' undefined
(Font)              using `TU/phv/bx/n' instead on input line 1.


LaTeX Font Warning: Font shape `TU/phv/b/n' undefined
(Font)              using `TU/phv/bx/n' instead on input line 3.


LaTeX Font Warning: Font shape `TU/phv/b/n' undefined
(Font)              using `TU/phv/bx/n' instead on input line 7.


LaTeX Font Warning: Font shape `TU/phv/b/n' undefined
(Font)              using `TU/phv/bx/n' instead on input line 10.


LaTeX Font Warning: Font shape `TU/phv/b/n' undefined
(Font)              using `TU/phv/bx/n' instead on input line 13.


LaTeX Font Warning: Font shape `TU/phv/b/n' undefined
(Font)              using `TU/phv/bx/n' instead on input line 16.


LaTeX Font Warning: Font shape `TU/phv/b/n' undefined
(Font)              using `TU/phv/bx/n' instead on input line 18.


LaTeX Font Warning: Font shape `TU/phv/b/n' undefined
(Font)              using `TU/phv/bx/n' instead on input line 18.


LaTeX Font Warning: Font shape `TU/phv/b/n' undefined
(Font)              using `TU/phv/bx/n' instead on input line 18.

[11]

LaTeX Font Warning: Font shape `TU/phv/b/n' undefined
(Font)              using `TU/phv/bx/n' instead on input line 19.


LaTeX Font Warning: Font shape `TU/phv/b/n' undefined
(Font)              using `TU/phv/bx/n' instead on input line 22.


LaTeX Font Warning: Font shape `TU/phv/b/n' undefined
(Font)              using `TU/phv/bx/n' instead on input line 25.


LaTeX Font Warning: Font shape `TU/phv/b/n' undefined
(Font)              using `TU/phv/bx/n' instead on input line 28.


LaTeX Font Warning: Font shape `TU/phv/b/n' undefined
(Font)              using `TU/phv/bx/n' instead on input line 31.


LaTeX Font Warning: Font shape `TU/phv/b/n' undefined
(Font)              using `TU/phv/bx/n' instead on input line 34.


LaTeX Font Warning: Font shape `TU/phv/b/n' undefined
(Font)              using `TU/phv/bx/n' instead on input line 37.


LaTeX Font Warning: Font shape `TU/phv/b/n' undefined
(Font)              using `TU/phv/bx/n' instead on input line 40.

) (interfacecom_1_1example_1_1photopage_1_1repository_1_1_post_repository.tex

LaTeX Font Warning: Font shape `TU/phv/b/n' undefined
(Font)              using `TU/phv/bx/n' instead on input line 1.

File: interfacecom_1_1example_1_1photopage_1_1repository_1_1_post_repository.pd
f Graphic file (type pdf)
<use interfacecom_1_1example_1_1photopage_1_1repository_1_1_post_repository.pdf
>

LaTeX Font Warning: Font shape `TU/phv/b/n' undefined
(Font)              using `TU/phv/bx/n' instead on input line 9.


LaTeX Font Warning: Font shape `TU/phv/b/n' undefined
(Font)              using `TU/phv/bx/n' instead on input line 13.


LaTeX Font Warning: Font shape `TU/phv/b/n' undefined
(Font)              using `TU/phv/bx/n' instead on input line 16.

) (classcom_1_1example_1_1photopage_1_1service_1_1_post_service.tex

LaTeX Font Warning: Font shape `TU/phv/b/n' undefined
(Font)              using `TU/phv/bx/n' instead on input line 1.


LaTeX Font Warning: Font shape `TU/phv/b/n' undefined
(Font)              using `TU/phv/bx/n' instead on input line 3.


LaTeX Font Warning: Font shape `TU/phv/b/n' undefined
(Font)              using `TU/phv/bx/n' instead on input line 7.


LaTeX Font Warning: Font shape `TU/phv/b/n' undefined
(Font)              using `TU/phv/bx/n' instead on input line 10.


LaTeX Font Warning: Font shape `TU/phv/b/n' undefined
(Font)              using `TU/phv/bx/n' instead on input line 13.


LaTeX Font Warning: Font shape `TU/phv/b/n' undefined
(Font)              using `TU/phv/bx/n' instead on input line 16.


LaTeX Font Warning: Font shape `TU/phv/b/n' undefined
(Font)              using `TU/phv/bx/n' instead on input line 19.


LaTeX Font Warning: Font shape `TU/phv/b/n' undefined
(Font)              using `TU/phv/bx/n' instead on input line 22.


LaTeX Font Warning: Font shape `TU/phv/b/n' undefined
(Font)              using `TU/phv/bx/n' instead on input line 25.


LaTeX Font Warning: Font shape `TU/phv/b/n' undefined
(Font)              using `TU/phv/bx/n' instead on input line 28.


LaTeX Font Warning: Font shape `TU/phv/b/n' undefined
(Font)              using `TU/phv/bx/n' instead on input line 30.


LaTeX Font Warning: Font shape `TU/phv/b/n' undefined
(Font)              using `TU/phv/bx/n' instead on input line 30.


LaTeX Font Warning: Font shape `TU/phv/b/n' undefined
(Font)              using `TU/phv/bx/n' instead on input line 30.

[12]

LaTeX Font Warning: Font shape `TU/phv/b/n' undefined
(Font)              using `TU/phv/bx/n' instead on input line 31.


LaTeX Font Warning: Font shape `TU/phv/b/n' undefined
(Font)              using `TU/phv/bx/n' instead on input line 34.


LaTeX Font Warning: Font shape `TU/phv/b/n' undefined
(Font)              using `TU/phv/bx/n' instead on input line 37.


LaTeX Font Warning: Font shape `TU/phv/b/n' undefined
(Font)              using `TU/phv/bx/n' instead on input line 40.

) (classcom_1_1example_1_1photopage_1_1dto_1_1_posts_request.tex

LaTeX Font Warning: Font shape `TU/phv/b/n' undefined
(Font)              using `TU/phv/bx/n' instead on input line 1.

) (classcom_1_1example_1_1photopage_1_1dto_1_1_register_request.tex

LaTeX Font Warning: Font shape `TU/phv/b/n' undefined
(Font)              using `TU/phv/bx/n' instead on input line 1.

) (classcom_1_1example_1_1photopage_1_1config_1_1_security_config.tex

LaTeX Font Warning: Font shape `TU/phv/b/n' undefined
(Font)              using `TU/phv/bx/n' instead on input line 1.


LaTeX Font Warning: Font shape `TU/phv/b/n' undefined
(Font)              using `TU/phv/bx/n' instead on input line 3.


LaTeX Font Warning: Font shape `TU/phv/b/n' undefined
(Font)              using `TU/phv/bx/n' instead on input line 7.


LaTeX Font Warning: Font shape `TU/phv/b/n' undefined
(Font)              using `TU/phv/bx/n' instead on input line 10.

) (classcom_1_1example_1_1photopage_1_1model_1_1_shared.tex

LaTeX Font Warning: Font shape `TU/phv/b/n' undefined
(Font)              using `TU/phv/bx/n' instead on input line 1.

) (classcom_1_1example_1_1photopage_1_1model_1_1_shared_id.tex

LaTeX Font Warning: Font shape `TU/phv/b/n' undefined
(Font)              using `TU/phv/bx/n' instead on input line 1.

File: classcom_1_1example_1_1photopage_1_1model_1_1_shared_id.pdf Graphic file 
(type pdf)
<use classcom_1_1example_1_1photopage_1_1model_1_1_shared_id.pdf>

LaTeX Font Warning: Font shape `TU/phv/b/n' undefined
(Font)              using `TU/phv/bx/n' instead on input line 9.


LaTeX Font Warning: Font shape `TU/phv/b/n' undefined
(Font)              using `TU/phv/bx/n' instead on input line 9.


LaTeX Font Warning: Font shape `TU/phv/b/n' undefined
(Font)              using `TU/phv/bx/n' instead on input line 9.

[13]) (classcom_1_1example_1_1photopage_1_1model_1_1_tag.tex

LaTeX Font Warning: Font shape `TU/phv/b/n' undefined
(Font)              using `TU/phv/bx/n' instead on input line 1.

) (classcom_1_1example_1_1photopage_1_1model_1_1_user.tex

LaTeX Font Warning: Font shape `TU/phv/b/n' undefined
(Font)              using `TU/phv/bx/n' instead on input line 1.

File: classcom_1_1example_1_1photopage_1_1model_1_1_user.pdf Graphic file (type
 pdf)
<use classcom_1_1example_1_1photopage_1_1model_1_1_user.pdf>

LaTeX Font Warning: Font shape `TU/phv/b/n' undefined
(Font)              using `TU/phv/bx/n' instead on input line 9.


LaTeX Font Warning: Font shape `TU/phv/b/n' undefined
(Font)              using `TU/phv/bx/n' instead on input line 13.


LaTeX Font Warning: Font shape `TU/phv/b/n' undefined
(Font)              using `TU/phv/bx/n' instead on input line 16.


LaTeX Font Warning: Font shape `TU/phv/b/n' undefined
(Font)              using `TU/phv/bx/n' instead on input line 19.


LaTeX Font Warning: Font shape `TU/phv/b/n' undefined
(Font)              using `TU/phv/bx/n' instead on input line 22.


LaTeX Font Warning: Font shape `TU/phv/b/n' undefined
(Font)              using `TU/phv/bx/n' instead on input line 25.


LaTeX Font Warning: Font shape `TU/phv/b/n' undefined
(Font)              using `TU/phv/bx/n' instead on input line 28.

) (classcom_1_1example_1_1photopage_1_1controller_1_1_user_controller.tex

LaTeX Font Warning: Font shape `TU/phv/b/n' undefined
(Font)              using `TU/phv/bx/n' instead on input line 1.


LaTeX Font Warning: Font shape `TU/phv/b/n' undefined
(Font)              using `TU/phv/bx/n' instead on input line 3.


LaTeX Font Warning: Font shape `TU/phv/b/n' undefined
(Font)              using `TU/phv/bx/n' instead on input line 7.


LaTeX Font Warning: Font shape `TU/phv/b/n' undefined
(Font)              using `TU/phv/bx/n' instead on input line 9.


LaTeX Font Warning: Font shape `TU/phv/b/n' undefined
(Font)              using `TU/phv/bx/n' instead on input line 9.


LaTeX Font Warning: Font shape `TU/phv/b/n' undefined
(Font)              using `TU/phv/bx/n' instead on input line 9.

[14]

LaTeX Font Warning: Font shape `TU/phv/b/n' undefined
(Font)              using `TU/phv/bx/n' instead on input line 10.


LaTeX Font Warning: Font shape `TU/phv/b/n' undefined
(Font)              using `TU/phv/bx/n' instead on input line 13.


LaTeX Font Warning: Font shape `TU/phv/b/n' undefined
(Font)              using `TU/phv/bx/n' instead on input line 16.


LaTeX Font Warning: Font shape `TU/phv/b/n' undefined
(Font)              using `TU/phv/bx/n' instead on input line 19.


LaTeX Font Warning: Font shape `TU/phv/b/n' undefined
(Font)              using `TU/phv/bx/n' instead on input line 22.


LaTeX Font Warning: Font shape `TU/phv/b/n' undefined
(Font)              using `TU/phv/bx/n' instead on input line 25.


LaTeX Font Warning: Font shape `TU/phv/b/n' undefined
(Font)              using `TU/phv/bx/n' instead on input line 28.

) (classcom_1_1example_1_1photopage_1_1dto_1_1_user_details.tex

LaTeX Font Warning: Font shape `TU/phv/b/n' undefined
(Font)              using `TU/phv/bx/n' instead on input line 1.

) (interfacecom_1_1example_1_1photopage_1_1repository_1_1_user_repository.tex

LaTeX Font Warning: Font shape `TU/phv/b/n' undefined
(Font)              using `TU/phv/bx/n' instead on input line 1.

File: interfacecom_1_1example_1_1photopage_1_1repository_1_1_user_repository.pd
f Graphic file (type pdf)
<use interfacecom_1_1example_1_1photopage_1_1repository_1_1_user_repository.pdf
>

LaTeX Font Warning: Font shape `TU/phv/b/n' undefined
(Font)              using `TU/phv/bx/n' instead on input line 9.


LaTeX Font Warning: Font shape `TU/phv/b/n' undefined
(Font)              using `TU/phv/bx/n' instead on input line 13.


LaTeX Font Warning: Font shape `TU/phv/b/n' undefined
(Font)              using `TU/phv/bx/n' instead on input line 16.

) (classcom_1_1example_1_1photopage_1_1service_1_1_user_service.tex

LaTeX Font Warning: Font shape `TU/phv/b/n' undefined
(Font)              using `TU/phv/bx/n' instead on input line 1.


LaTeX Font Warning: Font shape `TU/phv/b/n' undefined
(Font)              using `TU/phv/bx/n' instead on input line 3.


LaTeX Font Warning: Font shape `TU/phv/b/n' undefined
(Font)              using `TU/phv/bx/n' instead on input line 7.


LaTeX Font Warning: Font shape `TU/phv/b/n' undefined
(Font)              using `TU/phv/bx/n' instead on input line 10.


LaTeX Font Warning: Font shape `TU/phv/b/n' undefined
(Font)              using `TU/phv/bx/n' instead on input line 13.


LaTeX Font Warning: Font shape `TU/phv/b/n' undefined
(Font)              using `TU/phv/bx/n' instead on input line 16.


LaTeX Font Warning: Font shape `TU/phv/b/n' undefined
(Font)              using `TU/phv/bx/n' instead on input line 19.


LaTeX Font Warning: Font shape `TU/phv/b/n' undefined
(Font)              using `TU/phv/bx/n' instead on input line 22.


LaTeX Font Warning: Font shape `TU/phv/b/n' undefined
(Font)              using `TU/phv/bx/n' instead on input line 28.


LaTeX Font Warning: Font shape `TU/phv/b/n' undefined
(Font)              using `TU/phv/bx/n' instead on input line 28.


LaTeX Font Warning: Font shape `TU/phv/b/n' undefined
(Font)              using `TU/phv/bx/n' instead on input line 28.

[15]) (classcom_1_1example_1_1photopage_1_1config_1_1_web_config.tex

LaTeX Font Warning: Font shape `TU/phv/b/n' undefined
(Font)              using `TU/phv/bx/n' instead on input line 1.

File: classcom_1_1example_1_1photopage_1_1config_1_1_web_config.pdf Graphic fil
e (type pdf)
<use classcom_1_1example_1_1photopage_1_1config_1_1_web_config.pdf>

LaTeX Font Warning: Font shape `TU/phv/b/n' undefined
(Font)              using `TU/phv/bx/n' instead on input line 9.


LaTeX Font Warning: Font shape `TU/phv/b/n' undefined
(Font)              using `TU/phv/bx/n' instead on input line 13.

)

LaTeX Font Warning: Font shape `TU/phv/b/n' undefined
(Font)              using `TU/phv/bx/n' instead on input line 275.


LaTeX Font Warning: Font shape `TU/phv/b/n' undefined
(Font)              using `TU/phv/bx/n' instead on input line 275.


LaTeX Font Warning: Font shape `TU/phv/b/n' undefined
(Font)              using `TU/phv/bx/n' instead on input line 275.

[16] (refman.ind

LaTeX Font Warning: Font shape `TU/phv/b/n' undefined
(Font)              using `TU/phv/bx/n' instead on input line 1.


Overfull \hbox (26.34795pt too wide) in paragraph at lines 3--5
[]\TU/phv/bx/n/10 com.example.photopage.config.ApplicationConfiguration,
 []


Underfull \hbox (badness 10000) in paragraph at lines 7--9
[]\TU/phv/bx/n/10 com.example.photopage.controller.AuthController,
 []


Underfull \hbox (badness 10000) in paragraph at lines 13--15
[]\TU/phv/bx/n/10 com.example.photopage.controller.PostController,
 []


Underfull \hbox (badness 10000) in paragraph at lines 15--17
[]\TU/phv/bx/n/10 com.example.photopage.controller.UserController,
 []


Overfull \hbox (42.70793pt too wide) in paragraph at lines 22--24
[]\TU/phv/bx/n/10 com.example.photopage.exceptions.GlobalExceptionHandler,
 []


Overfull \hbox (16.35794pt too wide) in paragraph at lines 24--26
[]\TU/phv/bx/n/10 com.example.photopage.filter.JwtAuthenticationFilter,
 []


Overfull \hbox (22.17795pt too wide) in paragraph at lines 38--40
[]\TU/phv/bx/n/10 com.example.photopage.repository.CommentRepository,
 []


Overfull \hbox (15.96794pt too wide) in paragraph at lines 40--42
[]\TU/phv/bx/n/10 com.example.photopage.repository.FollowerRepository,
 []


Underfull \hbox (badness 10000) in paragraph at lines 42--44
[]\TU/phv/bx/n/10 com.example.photopage.repository.LikeRepository,
 []


Underfull \hbox (badness 10000) in paragraph at lines 46--48
[]\TU/phv/bx/n/10 com.example.photopage.repository.PostRepository,
 []


Underfull \hbox (badness 10000) in paragraph at lines 48--50
[]\TU/phv/bx/n/10 com.example.photopage.repository.UserRepository,
 []


Overfull \hbox (15.27794pt too wide) in paragraph at lines 50--52
[]\TU/phv/bx/n/10 com.example.photopage.service.AuthenticationService,
 []


LaTeX Font Warning: Font shape `TU/phv/b/n' undefined
(Font)              using `TU/phv/bx/n' instead on input line 58.

[17



]) (refman.aux)
 ***********
LaTeX2e <2023-11-01> patch level 1
L3 programming layer <2024-01-04>
 ***********


LaTeX Font Warning: Some font shapes were not available, defaults substituted.

Package rerunfilecheck Info: File `refman.out' has not changed.
(rerunfilecheck)             Checksum: 5D899CB34CE62097A7934FEF59BC09B2;16295.
 ) 
Here is how much of TeX's memory you used:
 27595 strings out of 409617
 536719 string characters out of 5781118
 1938191 words of memory out of 5000000
 49248 multiletter control sequences out of 15000+600000
 561274 words of font info for 66 fonts, out of 8000000 for 9000
 1348 hyphenation exceptions out of 8191
 109i,14n,121p,1421b,545s stack positions out of 10000i,1000n,20000p,200000b,200000s

Output written on refman.pdf (21 pages).
